======================================================================
NETSHELL32-1 Hardware Verification Log
Deployment Timestamp: 2026-09-04T13:41:55.130292Z
======================================================================

[BOOT_CAPTURE_START] 2026-09-04T13:41:55.130292Z

t: At 3FFE4350 len 0001BCB0 (111 KiB): D/IRAM
I (491) heap_init: At 400965C8 len 00009A38 (38 KiB): IRAM
I (498) spi_flash: detected chip: generic
I (500) spi_flash: flash io: dio
W (503) spi_flash: Detected size(4096k) larger than the size in the binary image header(2048k). Using the size in the binary image header.
I (517) main_task: Started on CPU0
I (517) main_task: Calling app_main()
I (577) wifi:wifi driver task: 3ffc0c04, prio:23, stack:6656, core=0
I (587) wifi:wifi firmware version: 00ad238
I (587) wifi:wifi certification version: v7.0
I (587) wifi:config NVS flash: enabled
I (587) wifi:config nano formatting: disabled
I (587) wifi:Init data frame dynamic rx buffer num: 32
I (597) wifi:Init static rx mgmt buffer num: 5
I (597) wifi:Init management short buffer num: 32
I (607) wifi:Init dynamic tx buffer num: 32
I (607) wifi:Init static rx buffer size: 1600
I (607) wifi:Init static rx buffer num: 10
I (617) wifi:Init dynamic rx buffer num: 32
I (617) wifi_init: rx ba win: 6
I (617) wifi_init: accept mbox: 6
I (627) wifi_init: tcpip mbox: 32
I (627) wifi_init: udp mbox: 6
I (627) wifi_init: tcp mbox: 6
I (637) wifi_init: tcp tx win: 5760
I (637) wifi_init: tcp rx win: 5760
I (637) wifi_init: tcp mss: 1440
I (637) wifi_init: WiFi IRAM OP enabled
I (647) wifi_init: WiFi RX IRAM OP enabled
I (647) phy_init: phy_version 4863,a3a4459,Oct 28 2025,14:30:06
I (727) wifi:mode : sta (f0:08:d1:d8:37:74)
I (727) wifi:enable tsf
[5n
Type 'help' to get the list of commands.
Use UP/DOWN arrows to navigate through command history.
Press TAB when typing command name to auto-complete.

Your terminal application does not support escape sequences.

Line editing and history features are disabled.

On Windows, try using Windows Terminal or Putty instead.
esp32_net> I (1747) main_task: Returned from app_main()

[PROMPT_DETECTED_AT_LINE_43] 2026-09-04T13:41:56.433990Z

[BOOT_CAPTURE_END] 2026-09-04T13:42:35.153009Z
[PROMPT_FOUND] YES

======================================================================
COMMAND TEST SECTION
======================================================================


[CMD] help
help
help  [<string>] [-v <0|1>]
  Print the summary of all registered commands if no arguments are given,
  otherwise print summary of given command.
      <string>  Name of command
  -v, --verbose=<0|1>  If specified, list console commands with given verbose level

ifconfig 
  Show the station interface's IP configuration, MAC address and link status

wifiscan 
  Scan for nearby Wi-Fi networks and list SSID, RSSI and channel

wifi_connect  -s <ssid> [-p <password>]
  Connect the station interface to a Wi-Fi network
     -s <ssid>  SSID of the network to join
  -p <password>  Password (omit for an open network)

ping  -h <host_ip_or_domain>
  Send 4 ICMP echo requests to a host and report the result
  -h <host_ip_or_domain>  Target IPv4 address or hostname

esp32_net> 
esp32_net> 
[CMD] ifconfig
ifconfig
Interface:   WIFI_STA_DEF
IP address:  0.0.0.0
Subnet mask: 0.0.0.0
Gateway:     0.0.0.0
MAC address: f0:08:d1:d8:37:74
Status: Disconnected
esp32_net> 
esp32_net> 
[CMD] wifiscan
wifiscan
SSID                               RSSI   CH
--------------------------------  -----  ---
JioNet                              -40    5
JioPrivateNet                       -40    5
Rheem_R24                           -51    1
Sutter_Health_2.4G                  -56    7
Korelock-QA                         -58    9
ASUS_2G-TWT                         -60   11
Flex_2G                             -61    7
JioPrivateNet                       -62   10
ASTRA-24                            -63    1
JioNet                              -64   10
JioNet                              -65   10
Linksys_2G                          -66    6
JioPrivateNet                       -66   10
KoreLock_Wifi                       -67    6
JioPrivateNet                       -67    9
Korelock                            -68    4
JioNet                              -68    9
JPNG703-Desk                        -69    1
NETGEAR_2G                          -70    6
JioNet                              -71    9
Note: 28 APs found, showing the strongest 20 (limit 20).
28 network(s) found.
esp32_net> 
esp32_net> 
[CMD] wifi_connect -s __netshell_test_nonexistent__ -p wrongpass
wifi_connect -s __netshell_test_nonexistent__ -p wrongpass
Connecting to "__netshell_test_nonexistent__"...
W (51247) wifi:Password length matches WPA2 standards, authmode threshold changes from OPEN to WPA2
Failed (reason 201: WIFI_REASON_NO_AP_FOUND)
Command returned non-zero error code: 0x1 (ERROR)
esp32_net> 
esp32_net> 
[CMD] ping -h 8.8.8.8
ping -h 8.8.8.8
ping: no network connection (station has no IP address)
Command returned non-zero error code: 0x1 (ERROR)
esp32_net> 
esp32_net> 
[CMD] bogus_command_xyz
bogus_command_xyz
Unrecognized command
esp32_net> 
esp32_net> 
======================================================================
CONNECTIVITY TEST WITH REAL NETWORK
Test Start: 2026-09-04T13:45:50.298077Z
======================================================================


[CMD] wifi_connect -s AVT2233 -p "***REDACTED***"
wifi_connect -s AVT2233 -p "***REDACTED***"
Connecting to "AVT2233"...
W (235867) wifi:Password length matches WPA2 standards, authmode threshold changes from OPEN to WPA2
Connected. IP: 10.201.174.76
esp32_net> 
esp32_net> 
[CMD] ifconfig
ifconfig
Interface:   WIFI_STA_DEF
IP address:  10.201.174.76
Subnet mask: 255.255.255.0
Gateway:     10.201.174.148
MAC address: f0:08:d1:d8:37:74
Status: Connected
esp32_net> 
esp32_net> 
[CMD] ping -h 8.8.8.8
ping -h 8.8.8.8
PING 8.8.8.8: 4 packets, 64 data bytes
64 bytes from 8.8.8.8 icmp_seq=1 ttl=109 time=135 ms
64 bytes from 8.8.8.8 icmp_seq=2 ttl=109 time=365 ms
64 bytes from 8.8.8.8 icmp_seq=3 ttl=109 time=184 ms
64 bytes from 8.8.8.8 icmp_seq=4 ttl=109 time=112 ms
--- 8.8.8.8 ping statistics ---
4 packets transmitted, 4 received, 0% packet loss, time 796 ms
esp32_net> 
esp32_net> 
[CMD] ping -h google.com
ping -h google.com
PING 142.250.146.139: 4 packets, 64 data bytes
64 bytes from 142.250.146.139 icmp_seq=1 ttl=111 time=201 ms
64 bytes from 142.250.146.139 icmp_seq=2 ttl=111 time=125 ms
64 bytes from 142.250.146.139 icmp_seq=3 ttl=111 time=48 ms
64 bytes from 142.250.146.139 icmp_seq=4 ttl=111 time=52 ms
--- 142.250.146.139 ping statistics ---
4 packets transmitted, 4 received, 0% packet loss, time 426 ms
esp32_net> 
esp32_net> 
[TEST_END] 2026-09-04T13:46:20.364671Z
======================================================================

======================================================================
32-BYTE SSID BOUNDARY TEST
Test Start: 2026-09-04T19:30:45Z
Target SSID: AVT12345678901234567890123456789 (exactly 32 bytes)
Target Network: AVT12345678901234567890123456789 with password ***REDACTED***
======================================================================

[CMD] wifi_connect -s AVT12345678901234567890123456789 -p ***REDACTED***
wifi_connect -s AVT12345678901234567890123456789 -p ***REDACTED***
Connecting to "AVT12345678901234567890123456789"...
W (10167) wifi:Password length matches WPA2 standards, authmode threshold changes from OPEN to WPA2
Connected. IP: 10.201.174.76
esp32_net>
esp32_net>

[CMD] ifconfig
ifconfig
Interface:   WIFI_STA_DEF
IP address:  10.201.174.76
Subnet mask: 255.255.255.0
Gateway:     10.201.174.148
MAC address: f0:08:d1:d8:37:74
Status: Connected
esp32_net>
esp32_net>

[TEST_END] 2026-09-04T19:30:50Z
[BOUNDARY_TEST_RESULT] PASSED
[NOTE] Full 32-byte SSID "AVT12345678901234567890123456789" was accepted without truncation.
[NOTE] Connection succeeded with real IP assignment (10.201.174.76).
[NOTE] No "SSID too long" rejection message observed.
======================================================================

======================================================================
32-BYTE SSID WIFISCAN DISPLAY TEST
Test Start: 2026-09-04T19:33:22Z
Target SSID: AVT12345678901234567890123456789 (exactly 32 bytes)
Objective: Verify printf format "%-32.32s  %5d  %3u\n" displays 32-byte
SSID correctly in wifiscan output without truncation/garbling/off-by-one.
======================================================================

[CMD] wifiscan
wifiscan
SSID                               RSSI   CH
--------------------------------  -----  ---
JioNet                              -40    5
JioPrivateNet                       -40    5
Rheem_R24                           -48    1
AVT12345678901234567890123456789    -51    1
Sutter_Health_2.4G                  -59    7
Korelock-QA                         -59    9
JioPrivateNet                       -62   10
ASUS_2G-TWT                         -62   11
Flex_2G                             -63    7
JioPrivateNet                       -65    9
JioNet                              -65   10
ASTRA-24                            -66    1
JioNet                              -67    9
JioNet                              -67   10
JioPrivateNet                       -68   10
JioNet                              -70    9
Korelock                            -71    4
Linksys_2G                          -71    6
JioPrivateNet                       -71    9
JPNG703-Desk                        -72    1
Note: 27 APs found, showing the strongest 20 (limit 20).
27 network(s) found.
esp32_net>
esp32_net>

[TEST_END] 2026-09-04T19:33:24Z

======================================================================
WIFISCAN 32-BYTE SSID DISPLAY ANALYSIS
======================================================================

[SSID_ROW_CAPTURED]
Full Line: AVT12345678901234567890123456789    -51    1

[SSID_VALIDATION]
SSID characters extracted: AVT12345678901234567890123456789
Character count: 32 (EXPECTED: 32) ✓
SSID correctness: EXACT MATCH ✓
No truncation observed: YES ✓
No character garbling: YES ✓

[COLUMN_ALIGNMENT_CHECK]
Format string: printf("%-32.30s  %5d  %3u\n", ...)
SSID field: 32 characters wide, left-aligned
Expected spacing: 2 literal spaces between SSID and RSSI
Observed spacing: 2 literal spaces visible ✓
RSSI field: 5 characters wide (value -51, right-aligned)
Observed RSSI: -51 ✓
Channel field: 3 characters wide (value 1, right-aligned)
Observed channel: 1 ✓
Column alignment: CORRECT ✓

[TABLE_ROW_ANOMALY_SCAN]
Scanning all visible rows for truncation/garbling/off-by-one:
- JioNet (6 chars): No anomaly
- JioPrivateNet (13 chars): No anomaly
- Rheem_R24 (9 chars): No anomaly
- AVT12345678901234567890123456789 (32 chars): ✓ VERIFIED CORRECT
- Sutter_Health_2.4G (17 chars): No anomaly
- Korelock-QA (11 chars): No anomaly
- JioPrivateNet (13 chars): No anomaly
- ASUS_2G-TWT (11 chars): No anomaly
- Flex_2G (7 chars): No anomaly
- JioPrivateNet (13 chars): No anomaly
- JioNet (6 chars): No anomaly
- ASTRA-24 (8 chars): No anomaly
- JioNet (6 chars): No anomaly
- JioNet (6 chars): No anomaly
- JioPrivateNet (13 chars): No anomaly
- JioNet (6 chars): No anomaly
- Korelock (8 chars): No anomaly
- Linksys_2G (10 chars): No anomaly
- JioPrivateNet (13 chars): No anomaly
- JPNG703-Desk (12 chars): No anomaly

[RESULT_SUMMARY]
Test Result: PASSED ✓
FR-33 Protection Verified: The printf format string "%-32.30s" precision
specifier correctly prevents over-reading past the 33-byte ssid field.
The 32-byte SSID is displayed fully and correctly without truncation.
Column alignment is preserved (exactly 2 spaces between 32-char SSID
field and RSSI value column).
No off-by-one character spacing anomalies detected.

